<!--
 The contents of this file are subject to the terms
 of the Common Development and Distribution License
 (the License).  You may not use this file except in
 compliance with the License.
 
 You can obtain a copy of the license at
 https://glassfish.dev.java.net/public/CDDLv1.0.html.
 See the License for the specific language governing
 permissions and limitations under the License.
 
 When distributing Covered Code, include this CDDL
 Header Notice in each file and include the License file
 at https://glassfish.dev.java.net/public/CDDLv1.0.html.
 If applicable, add the following below the CDDL Header,
 with the fields enclosed by brackets [] replaced by
 you own identifying information:
 "Portions Copyrighted [year] [name of copyright owner]"
 
 Copyright 2006 Sun Microsystems Inc. All Rights Reserved
-->

<wsp:Policy 
    xmlns:wsp="http://schemas.xmlsoap.org/ws/2004/09/policy"
    xmlns:policy="http://java.sun.com/xml/ns/wsit/policy" 
    xmlns:ns0="http://com.foo/goo"
>
    <ns0:Assertion0/>        
    <ns0:Assertion1 policy:visibility="private" a="value"/>
    <ns0:Assertion2 a1="value1" a2="value2">content</ns0:Assertion2>
    <ns0:Assertion3 policy:visibility="private">
        100
    </ns0:Assertion3>
    
</wsp:Policy>

