<wsp:Policy 
  xmlns:wsp="http://schemas.xmlsoap.org/ws/2004/09/policy"
  xmlns:policy="http://java.sun.com/xml/ns/wsit/policy" 
	xmlns:foo="http://schemas.foo.com/">

  <foo:TopLevelAssertion_2 />
</wsp:Policy>
